../Core/Src/main.c:83:5:__io_putchar	16	static
../Core/Src/main.c:89:5:clamp_cmd	16	static
../Core/Src/main.c:96:5:map_pulse_to_cmd	24	static
../Core/Src/main.c:107:6:motor_left_set	24	static
../Core/Src/main.c:126:6:motor_right_set	24	static
../Core/Src/main.c:145:6:delay_us	16	static
../Core/Src/main.c:151:10:ultrasonic_read_cm	24	static
../Core/Src/main.c:199:5:main	32	static
../Core/Src/main.c:285:6:SystemClock_Config	88	static
../Core/Src/main.c:326:13:MX_TIM2_Init	48	static
../Core/Src/main.c:388:13:MX_TIM3_Init	64	static
../Core/Src/main.c:451:13:MX_USART2_UART_Init	8	static
../Core/Src/main.c:484:13:MX_GPIO_Init	48	static
../Core/Src/main.c:548:6:HAL_TIM_IC_CaptureCallback	24	static
../Core/Src/main.c:611:6:Error_Handler	4	static,ignoring_inline_asm
